// Vitest Snapshot v1, https://vitest.dev/guide/snapshot.html

exports[`# InputNumber > ## Base > ### default config 1`] = `
<div
  class="wb-input-number wb-input-number--base wb-input-number--start wb-input-number--inner wb-input-number--md"
  flex="~ inline"
  focus-within="outline outline-2 outline-$wb-color-primary"
  gap="$wb-input-number-gap"
  items="center"
  overflow="hidden"
  p="0"
  relative=""
  ring="1 inset $wb-input-number-border"
  rounded="$wb-input-number-radius"
  w="$wb-input-number-width"
>
  <!---->
  <!-- TODO: 无法输入 -->
  <input
    bg="$wb-input-number-background"
    flex="1"
    focus-visible=""
    h="$wb-input-number-height"
    maxlength="15"
    overflow="hidden"
    p="x-$wb-input-number-padding"
    placeholder=""
    ring=""
    rounded="$wb-input-number-radius"
    step="1"
    text="$wb-input-number-text"
  />
  <!---->
  <div
    bg="$wb-color-soft"
    class="wb-input-number-options"
    flex="~ none col"
    gap="1px"
    h="[calc(var(--wb-input-number-height)-3px)]"
    m="r-px"
    p="b-px"
  >
    <button
      bg="$wb-button-background hover:$wb-button-background-hover active:$wb-button-background-active"
      class="wb-button wb-button--base wb-button--default wb-button--rectangle wb-button--md"
      color="$wb-button-text hover:$wb-button-text-hover active:$wb-button-text-active"
      cursor="pointer"
      data-key="add"
      flex="inline row nowrap"
      focus-visible="outline-0 bg-$wb-color-primary"
      gap="$wb-button-gap"
      h="[calc(50%)]"
      items="center"
      justify="center"
      outline="none"
      p="x-$wb-button-padding"
      ring="1 inset $wb-button-border hover:$wb-button-border-hover active:$wb-button-border-active"
      rounded="rt-$wb-input-number-radius"
      select="none"
      tabindex="-1"
      type="button"
      w="full"
    >
      <!--v-if-->
      
      <i
        i="tdesign-chevron-up"
      />
      
      <!---->
    </button>
    <button
      bg="$wb-button-background hover:$wb-button-background-hover active:$wb-button-background-active"
      class="wb-button wb-button--base wb-button--default wb-button--rectangle wb-button--md"
      color="$wb-button-text hover:$wb-button-text-hover active:$wb-button-text-active"
      cursor="pointer"
      data-key="sub"
      flex="inline row nowrap"
      focus-visible="outline-0 bg-$wb-color-primary"
      gap="$wb-button-gap"
      h="[calc(50%)]"
      items="center"
      justify="center"
      outline="none"
      p="x-$wb-button-padding"
      ring="1 inset $wb-button-border hover:$wb-button-border-hover active:$wb-button-border-active"
      rounded="rb-$wb-input-number-radius"
      select="none"
      tabindex="-1"
      type="button"
      w="full"
    >
      <!--v-if-->
      
      <i
        i="tdesign-chevron-down"
      />
      
      <!---->
    </button>
  </div>
</div>
`;
